==== 10-Jul-2026 14:37:13 | agent=PPO | worker=4 ====
==== 10-Jul-2026 14:37:13 | agent=PPO | worker=3 ====
params: actorLR=0.000311469, criticLR=0.00580145, MiniBatchSize=273, ExperienceHorizon=295, EntropyLossWeight=0.000157796
Error using rl.internal.train.EpisodeRunner/runEpisode_ (line 173)
Simulation aborted

Error in rl.internal.train.EpisodeRunner/syncsim_series (line 51)
                out = runEpisode_(this,policy);
                ^^^^^^^^^^^^^^^^^^^^^^^^^^^^^^^
Error in rl.internal.train.PPOTrainer/run_internal_batch_learner_ (line 734)
                        syncsim_series(episode_runner,policy,sims_to_spawn);
                        ^^^^^^^^^^^^^^^^^^^^^^^^^^^^^^^^^^^^^^^^^^^^^^^^^^^^
Error in rl.internal.train.PPOTrainer/run_ (line 61)
                result = run_internal_batch_learner_(this);
                ^^^^^^^^^^^^^^^^^^^^^^^^^^^^^^^^^^^^^^^^^^^
Error in rl.internal.train.Trainer/run (line 8)
            result = run_(this);
            ^^^^^^^^^^^^^^^^^^^^
Error in rl.internal.trainmgr.OnlineTrainingManager/run_ (line 158)
            trainResult = run(trainer);
            ^^^^^^^^^^^^^^^^^^^^^^^^^^^
Error in rl.internal.trainmgr.TrainingManager/run (line 4)
            result = run_(this);
            ^^^^^^^^^^^^^^^^^^^^
Error in rl.agent.AbstractAgent/internalTrain (line 201)
            trainingResult = run(tm);
            ^^^^^^^^^^^^^^^^^^^^^^^^^
Error in rl.agent.AbstractAgent/train (line 67)
    trainingResult = internalTrain(this,env,trainOptsOrResult, ...
    ^^^^^^^^^^^^^^^^^^^^^^^^^^^^^^^^^^^^^^^^^^^^^^^^^^^^^^^^^^^^^^
Error in trainAndEvaluate (line 70)
            result = train(agent, S.env, trainOpts, Evaluator = evl);
            ^^^^^^^^^^^^^^^^^^^^^^^^^^^^^^^^^^^^^^^^^^^^^^^^^^^^^^^^^
Error in optimizeAgent>@(p)trainAndEvaluate(p,agentType,envSrc,opt) (line 83)
        @(p) trainAndEvaluate(p, agentType, envSrc, opt), ...
        ^^^^^^^^^^^^^^^^^^^^^^^^^^^^^^^^^^^^^^^^^^^^^^^^^^^^^
Error in bayesoptim.callObjFcnParallel>callObjNormallyParallel (line 51)
            [Objective, ConstraintViolations, UserData] = ObjectiveFcn(conditionalizedX);
            ^^^^^^^^^^^^^^^^^^^^^^^^^^^^^^^^^^^^^^^^^^^^^^^^^^^^^^^^^^^^^^^^^^^^^^^^^^^^^
Error in bayesoptim.callObjFcnParallel (line 12)
        = callObjNormallyParallel(ObjectiveFcn, ObjectiveNargout, NumCoupledConstraints, conditionalizedX);
        ^^^^^^^^^^^^^^^^^^^^^^^^^^^^^^^^^^^^^^^^^^^^^^^^^^^^^^^^^^^^^^^^^^^^^^^^^^^^^^^^^^^^^^^^^^^^^^^^^^^

==== 10-Jul-2026 14:37:13 | agent=PPO | worker=1 ====
==== 10-Jul-2026 14:37:13 | agent=PPO | worker=2 ====
==== 10-Jul-2026 14:37:13 | agent=PPO | worker=8 ====
params: actorLR=0.000111714, criticLR=1.68404e-05, MiniBatchSize=90, ExperienceHorizon=257, EntropyLossWeight=0.00896086
Error using rl.evaluation.rlEvaluator/evaluate_ (line 103)
Simulation aborted

Error in rl.evaluation.AbstractEvaluator/evaluate (line 44)
            [statistic, episodeScores, evaluationData] = evaluate_(this, agent, env, info);
            ^^^^^^^^^^^^^^^^^^^^^^^^^^^^^^^^^^^^^^^^^^^^^^^^^^^^^^^^^^^^^^^^^^^^^^^^^^^^^^^
Error in rl.evaluation.AbstractEvaluator/evaluateInTraining (line 109)
                [statistic, episodeScores, evaluationData] = evaluate(this, agent, env, trainingEpisodeInfo);
                ^^^^^^^^^^^^^^^^^^^^^^^^^^^^^^^^^^^^^^^^^^^^^^^^^^^^^^^^^^^^^^^^^^^^^^^^^^^^^^^^^^^^^^^^^^^^^
Error in rl.internal.trainmgr.context.OnlineTrainingContext/runEvaluator_ (line 431)
                [estat, escore, evalData] = evaluateInTraining( ...
                ^^^^^^^^^^^^^^^^^^^^^^^^^^^^^^^^^^^^^^^^^^^^^^^^^^^
Error in rl.internal.trainmgr.context.OnlineTrainingContext/update_ (line 223)
            [epinfo, evalData] = runEvaluator_(this, episodeCount, epinfo);
            ^^^^^^^^^^^^^^^^^^^^^^^^^^^^^^^^^^^^^^^^^^^^^^^^^^^^^^^^^^^^^^^
Error in rl.internal.trainmgr.context.TrainingContext/update (line 9)
            info = update_(this,data);
            ^^^^^^^^^^^^^^^^^^^^^^^^^^
Error in rl.internal.trainmgr.context.OnlineTrainingContext/postSimUpdate (line 188)
            info = update(this,out);
            ^^^^^^^^^^^^^^^^^^^^^^^^
Error in rl.internal.train.PPOTrainer/episodesFinished_ (line 935)
                info = postSimUpdate(context,out_,use_parallel);
                ^^^^^^^^^^^^^^^^^^^^^^^^^^^^^^^^^^^^^^^^^^^^^^^^
Error in rl.internal.train.PPOTrainer>@(out)episodesFinished_(wthis.Handle,agent,out,is_async,sim_gpu) (line 626)
            episode_runner.PostEpisodeFcn   = @(out) episodesFinished_(wthis.Handle,agent,out,is_async,sim_gpu);
            ^^^^^^^^^^^^^^^^^^^^^^^^^^^^^^^^^^^^^^^^^^^^^^^^^^^^^^^^^^^^^^^^^^^^^^^^^^^^^^^^^^^^^^^^^^^^^^^^^^^^
Error in rl.internal.train.EpisodeRunner/post_episode_fcn_ (line 184)
                post_ep_fcn(out);
                ^^^^^^^^^^^^^^^^^
Error in rl.internal.train.EpisodeRunner/syncsim_series (line 52)
                post_episode_fcn_(this,out);
                ^^^^^^^^^^^^^^^^^^^^^^^^^^^^
Error in rl.internal.train.PPOTrainer/run_internal_batch_learner_ (line 734)
                        syncsim_series(episode_runner,policy,sims_to_spawn);
                        ^^^^^^^^^^^^^^^^^^^^^^^^^^^^^^^^^^^^^^^^^^^^^^^^^^^^
Error in rl.internal.train.PPOTrainer/run_ (line 61)
                result = run_internal_batch_learner_(this);
                ^^^^^^^^^^^^^^^^^^^^^^^^^^^^^^^^^^^^^^^^^^^
Error in rl.internal.train.Trainer/run (line 8)
            result = run_(this);
            ^^^^^^^^^^^^^^^^^^^^
Error in rl.internal.trainmgr.OnlineTrainingManager/run_ (line 158)
            trainResult = run(trainer);
            ^^^^^^^^^^^^^^^^^^^^^^^^^^^
Error in rl.internal.trainmgr.TrainingManager/run (line 4)
            result = run_(this);
            ^^^^^^^^^^^^^^^^^^^^
Error in rl.agent.AbstractAgent/internalTrain (line 201)
            trainingResult = run(tm);
            ^^^^^^^^^^^^^^^^^^^^^^^^^
Error in rl.agent.AbstractAgent/train (line 67)
    trainingResult = internalTrain(this,env,trainOptsOrResult, ...
    ^^^^^^^^^^^^^^^^^^^^^^^^^^^^^^^^^^^^^^^^^^^^^^^^^^^^^^^^^^^^^^
Error in trainAndEvaluate (line 70)
            result = train(agent, S.env, trainOpts, Evaluator = evl);
            ^^^^^^^^^^^^^^^^^^^^^^^^^^^^^^^^^^^^^^^^^^^^^^^^^^^^^^^^^
Error in optimizeAgent>@(p)trainAndEvaluate(p,agentType,envSrc,opt) (line 83)
        @(p) trainAndEvaluate(p, agentType, envSrc, opt), ...
        ^^^^^^^^^^^^^^^^^^^^^^^^^^^^^^^^^^^^^^^^^^^^^^^^^^^^^
Error in bayesoptim.callObjFcnParallel>callObjNormallyParallel (line 51)
            [Objective, ConstraintViolations, UserData] = ObjectiveFcn(conditionalizedX);
            ^^^^^^^^^^^^^^^^^^^^^^^^^^^^^^^^^^^^^^^^^^^^^^^^^^^^^^^^^^^^^^^^^^^^^^^^^^^^^
Error in bayesoptim.callObjFcnParallel (line 12)
        = callObjNormallyParallel(ObjectiveFcn, ObjectiveNargout, NumCoupledConstraints, conditionalizedX);
        ^^^^^^^^^^^^^^^^^^^^^^^^^^^^^^^^^^^^^^^^^^^^^^^^^^^^^^^^^^^^^^^^^^^^^^^^^^^^^^^^^^^^^^^^^^^^^^^^^^^

params: actorLR=0.00304053, criticLR=6.62945e-05, MiniBatchSize=195, ExperienceHorizon=261, EntropyLossWeight=0.000257024
Error using rl.internal.train.EpisodeRunner/runEpisode_ (line 173)
Simulation aborted

Error in rl.internal.train.EpisodeRunner/syncsim_series (line 51)
                out = runEpisode_(this,policy);
                ^^^^^^^^^^^^^^^^^^^^^^^^^^^^^^^
Error in rl.internal.train.PPOTrainer/run_internal_batch_learner_ (line 734)
                        syncsim_series(episode_runner,policy,sims_to_spawn);
                        ^^^^^^^^^^^^^^^^^^^^^^^^^^^^^^^^^^^^^^^^^^^^^^^^^^^^
Error in rl.internal.train.PPOTrainer/run_ (line 61)
                result = run_internal_batch_learner_(this);
                ^^^^^^^^^^^^^^^^^^^^^^^^^^^^^^^^^^^^^^^^^^^
Error in rl.internal.train.Trainer/run (line 8)
            result = run_(this);
            ^^^^^^^^^^^^^^^^^^^^
Error in rl.internal.trainmgr.OnlineTrainingManager/run_ (line 158)
            trainResult = run(trainer);
            ^^^^^^^^^^^^^^^^^^^^^^^^^^^
Error in rl.internal.trainmgr.TrainingManager/run (line 4)
            result = run_(this);
            ^^^^^^^^^^^^^^^^^^^^
Error in rl.agent.AbstractAgent/internalTrain (line 201)
            trainingResult = run(tm);
            ^^^^^^^^^^^^^^^^^^^^^^^^^
Error in rl.agent.AbstractAgent/train (line 67)
    trainingResult = internalTrain(this,env,trainOptsOrResult, ...
    ^^^^^^^^^^^^^^^^^^^^^^^^^^^^^^^^^^^^^^^^^^^^^^^^^^^^^^^^^^^^^^
Error in trainAndEvaluate (line 70)
            result = train(agent, S.env, trainOpts, Evaluator = evl);
            ^^^^^^^^^^^^^^^^^^^^^^^^^^^^^^^^^^^^^^^^^^^^^^^^^^^^^^^^^
Error in optimizeAgent>@(p)trainAndEvaluate(p,agentType,envSrc,opt) (line 83)
        @(p) trainAndEvaluate(p, agentType, envSrc, opt), ...
        ^^^^^^^^^^^^^^^^^^^^^^^^^^^^^^^^^^^^^^^^^^^^^^^^^^^^^
Error in bayesoptim.callObjFcnParallel>callObjNormallyParallel (line 51)
            [Objective, ConstraintViolations, UserData] = ObjectiveFcn(conditionalizedX);
            ^^^^^^^^^^^^^^^^^^^^^^^^^^^^^^^^^^^^^^^^^^^^^^^^^^^^^^^^^^^^^^^^^^^^^^^^^^^^^
Error in bayesoptim.callObjFcnParallel (line 12)
        = callObjNormallyParallel(ObjectiveFcn, ObjectiveNargout, NumCoupledConstraints, conditionalizedX);
        ^^^^^^^^^^^^^^^^^^^^^^^^^^^^^^^^^^^^^^^^^^^^^^^^^^^^^^^^^^^^^^^^^^^^^^^^^^^^^^^^^^^^^^^^^^^^^^^^^^^

params: actorLR=0.00653197, criticLR=1.01112e-05, MiniBatchSize=66, ExperienceHorizon=1350, EntropyLossWeight=0.000360447
Error using rl.internal.train.EpisodeRunner/runEpisode_ (line 173)
Simulation aborted

Error in rl.internal.train.EpisodeRunner/syncsim_series (line 51)
                out = runEpisode_(this,policy);
                ^^^^^^^^^^^^^^^^^^^^^^^^^^^^^^^
Error in rl.internal.train.PPOTrainer/run_internal_batch_learner_ (line 734)
                        syncsim_series(episode_runner,policy,sims_to_spawn);
                        ^^^^^^^^^^^^^^^^^^^^^^^^^^^^^^^^^^^^^^^^^^^^^^^^^^^^
Error in rl.internal.train.PPOTrainer/run_ (line 61)
                result = run_internal_batch_learner_(this);
                ^^^^^^^^^^^^^^^^^^^^^^^^^^^^^^^^^^^^^^^^^^^
Error in rl.internal.train.Trainer/run (line 8)
            result = run_(this);
            ^^^^^^^^^^^^^^^^^^^^
Error in rl.internal.trainmgr.OnlineTrainingManager/run_ (line 158)
            trainResult = run(trainer);
            ^^^^^^^^^^^^^^^^^^^^^^^^^^^
Error in rl.internal.trainmgr.TrainingManager/run (line 4)
            result = run_(this);
            ^^^^^^^^^^^^^^^^^^^^
Error in rl.agent.AbstractAgent/internalTrain (line 201)
            trainingResult = run(tm);
            ^^^^^^^^^^^^^^^^^^^^^^^^^
Error in rl.agent.AbstractAgent/train (line 67)
    trainingResult = internalTrain(this,env,trainOptsOrResult, ...
    ^^^^^^^^^^^^^^^^^^^^^^^^^^^^^^^^^^^^^^^^^^^^^^^^^^^^^^^^^^^^^^
Error in trainAndEvaluate (line 70)
            result = train(agent, S.env, trainOpts, Evaluator = evl);
            ^^^^^^^^^^^^^^^^^^^^^^^^^^^^^^^^^^^^^^^^^^^^^^^^^^^^^^^^^
Error in optimizeAgent>@(p)trainAndEvaluate(p,agentType,envSrc,opt) (line 83)
        @(p) trainAndEvaluate(p, agentType, envSrc, opt), ...
        ^^^^^^^^^^^^^^^^^^^^^^^^^^^^^^^^^^^^^^^^^^^^^^^^^^^^^
Error in bayesoptim.callObjFcnParallel>callObjNormallyParallel (line 51)
            [Objective, ConstraintViolations, UserData] = ObjectiveFcn(conditionalizedX);
            ^^^^^^^^^^^^^^^^^^^^^^^^^^^^^^^^^^^^^^^^^^^^^^^^^^^^^^^^^^^^^^^^^^^^^^^^^^^^^
Error in bayesoptim.callObjFcnParallel (line 12)
        = callObjNormallyParallel(ObjectiveFcn, ObjectiveNargout, NumCoupledConstraints, conditionalizedX);
        ^^^^^^^^^^^^^^^^^^^^^^^^^^^^^^^^^^^^^^^^^^^^^^^^^^^^^^^^^^^^^^^^^^^^^^^^^^^^^^^^^^^^^^^^^^^^^^^^^^^

params: actorLR=0.000188354, criticLR=1.53931e-05, MiniBatchSize=148, ExperienceHorizon=278, EntropyLossWeight=0.000100254
Error using rl.internal.train.EpisodeRunner/runEpisode_ (line 173)
Simulation aborted

Error in rl.internal.train.EpisodeRunner/syncsim_series (line 51)
                out = runEpisode_(this,policy);
                ^^^^^^^^^^^^^^^^^^^^^^^^^^^^^^^
Error in rl.internal.train.PPOTrainer/run_internal_batch_learner_ (line 734)
                        syncsim_series(episode_runner,policy,sims_to_spawn);
                        ^^^^^^^^^^^^^^^^^^^^^^^^^^^^^^^^^^^^^^^^^^^^^^^^^^^^
Error in rl.internal.train.PPOTrainer/run_ (line 61)
                result = run_internal_batch_learner_(this);
                ^^^^^^^^^^^^^^^^^^^^^^^^^^^^^^^^^^^^^^^^^^^
Error in rl.internal.train.Trainer/run (line 8)
            result = run_(this);
            ^^^^^^^^^^^^^^^^^^^^
Error in rl.internal.trainmgr.OnlineTrainingManager/run_ (line 158)
            trainResult = run(trainer);
            ^^^^^^^^^^^^^^^^^^^^^^^^^^^
Error in rl.internal.trainmgr.TrainingManager/run (line 4)
            result = run_(this);
            ^^^^^^^^^^^^^^^^^^^^
Error in rl.agent.AbstractAgent/internalTrain (line 201)
            trainingResult = run(tm);
            ^^^^^^^^^^^^^^^^^^^^^^^^^
Error in rl.agent.AbstractAgent/train (line 67)
    trainingResult = internalTrain(this,env,trainOptsOrResult, ...
    ^^^^^^^^^^^^^^^^^^^^^^^^^^^^^^^^^^^^^^^^^^^^^^^^^^^^^^^^^^^^^^
Error in trainAndEvaluate (line 70)
            result = train(agent, S.env, trainOpts, Evaluator = evl);
            ^^^^^^^^^^^^^^^^^^^^^^^^^^^^^^^^^^^^^^^^^^^^^^^^^^^^^^^^^
Error in optimizeAgent>@(p)trainAndEvaluate(p,agentType,envSrc,opt) (line 83)
        @(p) trainAndEvaluate(p, agentType, envSrc, opt), ...
        ^^^^^^^^^^^^^^^^^^^^^^^^^^^^^^^^^^^^^^^^^^^^^^^^^^^^^
Error in bayesoptim.callObjFcnParallel>callObjNormallyParallel (line 51)
            [Objective, ConstraintViolations, UserData] = ObjectiveFcn(conditionalizedX);
            ^^^^^^^^^^^^^^^^^^^^^^^^^^^^^^^^^^^^^^^^^^^^^^^^^^^^^^^^^^^^^^^^^^^^^^^^^^^^^
Error in bayesoptim.callObjFcnParallel (line 12)
        = callObjNormallyParallel(ObjectiveFcn, ObjectiveNargout, NumCoupledConstraints, conditionalizedX);
        ^^^^^^^^^^^^^^^^^^^^^^^^^^^^^^^^^^^^^^^^^^^^^^^^^^^^^^^^^^^^^^^^^^^^^^^^^^^^^^^^^^^^^^^^^^^^^^^^^^^

==== 10-Jul-2026 14:37:13 | agent=PPO | worker=6 ====
params: actorLR=0.00111004, criticLR=0.00815464, MiniBatchSize=385, ExperienceHorizon=1902, EntropyLossWeight=0.000183827
Error using rl.evaluation.rlEvaluator/evaluate_ (line 103)
Simulation aborted

Error in rl.evaluation.AbstractEvaluator/evaluate (line 44)
            [statistic, episodeScores, evaluationData] = evaluate_(this, agent, env, info);
            ^^^^^^^^^^^^^^^^^^^^^^^^^^^^^^^^^^^^^^^^^^^^^^^^^^^^^^^^^^^^^^^^^^^^^^^^^^^^^^^
Error in rl.evaluation.AbstractEvaluator/evaluateInTraining (line 109)
                [statistic, episodeScores, evaluationData] = evaluate(this, agent, env, trainingEpisodeInfo);
                ^^^^^^^^^^^^^^^^^^^^^^^^^^^^^^^^^^^^^^^^^^^^^^^^^^^^^^^^^^^^^^^^^^^^^^^^^^^^^^^^^^^^^^^^^^^^^
Error in rl.internal.trainmgr.context.OnlineTrainingContext/runEvaluator_ (line 431)
                [estat, escore, evalData] = evaluateInTraining( ...
                ^^^^^^^^^^^^^^^^^^^^^^^^^^^^^^^^^^^^^^^^^^^^^^^^^^^
Error in rl.internal.trainmgr.context.OnlineTrainingContext/update_ (line 223)
            [epinfo, evalData] = runEvaluator_(this, episodeCount, epinfo);
            ^^^^^^^^^^^^^^^^^^^^^^^^^^^^^^^^^^^^^^^^^^^^^^^^^^^^^^^^^^^^^^^
Error in rl.internal.trainmgr.context.TrainingContext/update (line 9)
            info = update_(this,data);
            ^^^^^^^^^^^^^^^^^^^^^^^^^^
Error in rl.internal.trainmgr.context.OnlineTrainingContext/postSimUpdate (line 188)
            info = update(this,out);
            ^^^^^^^^^^^^^^^^^^^^^^^^
Error in rl.internal.train.PPOTrainer/episodesFinished_ (line 935)
                info = postSimUpdate(context,out_,use_parallel);
                ^^^^^^^^^^^^^^^^^^^^^^^^^^^^^^^^^^^^^^^^^^^^^^^^
Error in rl.internal.train.PPOTrainer>@(out)episodesFinished_(wthis.Handle,agent,out,is_async,sim_gpu) (line 626)
            episode_runner.PostEpisodeFcn   = @(out) episodesFinished_(wthis.Handle,agent,out,is_async,sim_gpu);
            ^^^^^^^^^^^^^^^^^^^^^^^^^^^^^^^^^^^^^^^^^^^^^^^^^^^^^^^^^^^^^^^^^^^^^^^^^^^^^^^^^^^^^^^^^^^^^^^^^^^^
Error in rl.internal.train.EpisodeRunner/post_episode_fcn_ (line 184)
                post_ep_fcn(out);
                ^^^^^^^^^^^^^^^^^
Error in rl.internal.train.EpisodeRunner/syncsim_series (line 52)
                post_episode_fcn_(this,out);
                ^^^^^^^^^^^^^^^^^^^^^^^^^^^^
Error in rl.internal.train.PPOTrainer/run_internal_batch_learner_ (line 734)
                        syncsim_series(episode_runner,policy,sims_to_spawn);
                        ^^^^^^^^^^^^^^^^^^^^^^^^^^^^^^^^^^^^^^^^^^^^^^^^^^^^
Error in rl.internal.train.PPOTrainer/run_ (line 61)
                result = run_internal_batch_learner_(this);
                ^^^^^^^^^^^^^^^^^^^^^^^^^^^^^^^^^^^^^^^^^^^
Error in rl.internal.train.Trainer/run (line 8)
            result = run_(this);
            ^^^^^^^^^^^^^^^^^^^^
Error in rl.internal.trainmgr.OnlineTrainingManager/run_ (line 158)
            trainResult = run(trainer);
            ^^^^^^^^^^^^^^^^^^^^^^^^^^^
Error in rl.internal.trainmgr.TrainingManager/run (line 4)
            result = run_(this);
            ^^^^^^^^^^^^^^^^^^^^
Error in rl.agent.AbstractAgent/internalTrain (line 201)
            trainingResult = run(tm);
            ^^^^^^^^^^^^^^^^^^^^^^^^^
Error in rl.agent.AbstractAgent/train (line 67)
    trainingResult = internalTrain(this,env,trainOptsOrResult, ...
    ^^^^^^^^^^^^^^^^^^^^^^^^^^^^^^^^^^^^^^^^^^^^^^^^^^^^^^^^^^^^^^
Error in trainAndEvaluate (line 70)
            result = train(agent, S.env, trainOpts, Evaluator = evl);
            ^^^^^^^^^^^^^^^^^^^^^^^^^^^^^^^^^^^^^^^^^^^^^^^^^^^^^^^^^
Error in optimizeAgent>@(p)trainAndEvaluate(p,agentType,envSrc,opt) (line 83)
        @(p) trainAndEvaluate(p, agentType, envSrc, opt), ...
        ^^^^^^^^^^^^^^^^^^^^^^^^^^^^^^^^^^^^^^^^^^^^^^^^^^^^^
Error in bayesoptim.callObjFcnParallel>callObjNormallyParallel (line 51)
            [Objective, ConstraintViolations, UserData] = ObjectiveFcn(conditionalizedX);
            ^^^^^^^^^^^^^^^^^^^^^^^^^^^^^^^^^^^^^^^^^^^^^^^^^^^^^^^^^^^^^^^^^^^^^^^^^^^^^
Error in bayesoptim.callObjFcnParallel (line 12)
        = callObjNormallyParallel(ObjectiveFcn, ObjectiveNargout, NumCoupledConstraints, conditionalizedX);
        ^^^^^^^^^^^^^^^^^^^^^^^^^^^^^^^^^^^^^^^^^^^^^^^^^^^^^^^^^^^^^^^^^^^^^^^^^^^^^^^^^^^^^^^^^^^^^^^^^^^

